// Jest Snapshot v1, https://goo.gl/fbAQLP

exports[`util download should write html to path 1`] = `
Array [
  "path/",
  "<html>yezs</html>",
  [Function],
]
`;

exports[`util insertObj provide correct sql 1`] = `
Array [
  "
		INSERT INTO dialog
		(faf,lolol,directions)
		VALUES
		($1,$2,$3)
	",
  Array [
    "etet",
    "yaya",
    Array [
      "some",
      "things",
    ],
  ],
]
`;
