// Jest Snapshot v1, https://goo.gl/fbAQLP

exports[`watson charProfile should make it happen 1`] = `
Array [
  Array [
    "
		select string_agg(line, E'
' order by season, episode, seq) as text
		from dialog
		where type='dialog' and char_name='JACK'
		group by char_name
	;",
  ],
]
`;

exports[`watson charProfile should make it happen 2`] = `
Array [
  Array [
    Object {
      "consumption_preferences": true,
      "text": "blabla",
    },
  ],
]
`;
