// Jest Snapshot v1, https://goo.gl/fbAQLP

exports[`tone should get tone analysis for all episodes 1`] = `
Array [
  Array [
    Object {
      "query": [Function],
    },
    1,
    1,
  ],
  Array [
    Object {
      "query": [Function],
    },
    1,
    2,
  ],
]
`;

exports[`tone should get tone analysis for all episodes 2`] = `
Array [
  Array [
    "
		select distinct season, episode
		from dialog
		order by season, episode asc
	;",
  ],
  Array [
    "
		INSERT INTO tone
		(season,episode,document_tone,sentences_tone)
		VALUES
		($1,$2,$3,$4)
	",
    Array [
      8,
      113,
      "{\\"derp\\":23}",
      "[{\\"herder\\":1,\\"derper\\":2},{\\"herder\\":2,\\"derper\\":3}]",
    ],
  ],
  Array [
    "
		INSERT INTO tone
		(season,episode,document_tone,sentences_tone)
		VALUES
		($1,$2,$3,$4)
	",
    Array [
      8,
      113,
      "{\\"derp\\":23}",
      "[{\\"herder\\":1,\\"derper\\":2},{\\"herder\\":2,\\"derper\\":3}]",
    ],
  ],
]
`;
